2026-04-22 18:34:15,168 [INFO] [asca.asca] Starting ASCA for 3 config(s), 1 iteration(s) each
2026-04-22 18:34:15,169 [INFO] [asca.asca] ASCA input: matrices\110x110.hdf5
2026-04-22 18:34:15,169 [INFO] [asca.asca] Starting config: coarse=moore {'size': 1}, subgraph=moore_coarse {'size': 2}
2026-04-22 18:34:15,169 [INFO] [asca.asca] ASCA output: data\110x110_moore_size1_moore_coarse_size2.hdf5
2026-04-22 18:34:15,169 [INFO] [asca.asca] Reading input graph
2026-04-22 18:34:15,272 [INFO] [asca.asca] Input graph read in 0.10s (12100 vertices)
2026-04-22 18:34:15,273 [INFO] [asca.asca] Iteration 0: starting approximation
2026-04-22 18:34:15,275 [INFO] [asca.asca] Starting approximation: vertices=12100, min degree=2, max degree=4
2026-04-22 18:34:15,275 [INFO] [asca.asca] Selecting coarse vertices
2026-04-22 18:34:15,275 [INFO] [asca.select_coarse] Using MIS coarse selection
2026-04-22 18:34:15,316 [INFO] [asca.select_coarse] Number of coarse vertices: 3025
2026-04-22 18:34:15,316 [INFO] [asca.asca] Coarse selection took 0.04s (3025 coarse vertices)
2026-04-22 18:34:15,316 [INFO] [asca.asca] Creating subgraphs
2026-04-22 18:34:15,316 [INFO] [root] Using moore around coarse method
2026-04-22 18:34:15,513 [INFO] [root] Number of subgraphs created: 3025
2026-04-22 18:34:15,513 [INFO] [asca.asca] Subgraph creation took 0.20s (3025 subgraphs)
2026-04-22 18:34:15,513 [INFO] [asca.asca] Updating edge multiplicities
2026-04-22 18:34:15,546 [INFO] [asca.asca] Edge multiplicity calculation took 0.03s
2026-04-22 18:34:15,547 [INFO] [asca.asca] Computing approximation matrix
2026-04-22 18:34:22,508 [INFO] [asca.asca] Approximation matrix took 6.96s
2026-04-22 18:34:22,509 [INFO] [asca.asca] Iteration 0: mean subgraph size is 24
2026-04-22 18:34:22,509 [INFO] [asca.asca] Iteration 0: writing output
2026-04-22 18:34:22,537 [INFO] [asca.asca] Iteration 0: output written in 0.03s
2026-04-22 18:34:22,537 [INFO] [asca.asca] Iteration 0: preparing next graph
2026-04-22 18:34:22,612 [INFO] [asca.asca] Iteration 0: next graph prepared in 0.08s
2026-04-22 18:34:22,612 [INFO] [asca.asca] Iteration 0: done in 7.34s
2026-04-22 18:34:22,612 [INFO] [asca.asca] Config finished in 7.44s
2026-04-22 18:34:22,612 [INFO] [asca.asca] Starting config: coarse=moore {'size': 1}, subgraph=moore_coarse {'size': 4}
2026-04-22 18:34:22,612 [INFO] [asca.asca] ASCA output: data\110x110_moore_size1_moore_coarse_size4.hdf5
2026-04-22 18:34:22,612 [INFO] [asca.asca] Reading input graph
2026-04-22 18:34:22,724 [INFO] [asca.asca] Input graph read in 0.11s (12100 vertices)
2026-04-22 18:34:22,724 [INFO] [asca.asca] Iteration 0: starting approximation
2026-04-22 18:34:22,726 [INFO] [asca.asca] Starting approximation: vertices=12100, min degree=2, max degree=4
2026-04-22 18:34:22,726 [INFO] [asca.asca] Selecting coarse vertices
2026-04-22 18:34:22,726 [INFO] [asca.select_coarse] Using MIS coarse selection
2026-04-22 18:34:22,764 [INFO] [asca.select_coarse] Number of coarse vertices: 3025
2026-04-22 18:34:22,764 [INFO] [asca.asca] Coarse selection took 0.04s (3025 coarse vertices)
2026-04-22 18:34:22,764 [INFO] [asca.asca] Creating subgraphs
2026-04-22 18:34:22,764 [INFO] [root] Using moore around coarse method
2026-04-22 18:34:23,691 [INFO] [root] Number of subgraphs created: 3025
2026-04-22 18:34:23,691 [INFO] [asca.asca] Subgraph creation took 0.93s (3025 subgraphs)
2026-04-22 18:34:23,691 [INFO] [asca.asca] Updating edge multiplicities
2026-04-22 18:34:23,760 [INFO] [asca.asca] Edge multiplicity calculation took 0.07s
2026-04-22 18:34:23,760 [INFO] [asca.asca] Computing approximation matrix
2026-04-22 18:34:37,088 [INFO] [asca.asca] Approximation matrix took 13.33s
2026-04-22 18:34:37,089 [INFO] [asca.asca] Iteration 0: mean subgraph size is 78
2026-04-22 18:34:37,089 [INFO] [asca.asca] Iteration 0: writing output
2026-04-22 18:34:37,119 [INFO] [asca.asca] Iteration 0: output written in 0.03s
2026-04-22 18:34:37,119 [INFO] [asca.asca] Iteration 0: preparing next graph
2026-04-22 18:34:37,508 [INFO] [asca.asca] Iteration 0: next graph prepared in 0.39s
2026-04-22 18:34:37,508 [INFO] [asca.asca] Iteration 0: done in 14.78s
2026-04-22 18:34:37,508 [INFO] [asca.asca] Config finished in 14.90s
2026-04-22 18:34:37,508 [INFO] [asca.asca] Starting config: coarse=moore {'size': 1}, subgraph=moore_coarse {'size': 10}
2026-04-22 18:34:37,508 [INFO] [asca.asca] ASCA output: data\110x110_moore_size1_moore_coarse_size10.hdf5
2026-04-22 18:34:37,509 [INFO] [asca.asca] Reading input graph
2026-04-22 18:34:37,563 [INFO] [asca.asca] Input graph read in 0.05s (12100 vertices)
2026-04-22 18:34:37,563 [INFO] [asca.asca] Iteration 0: starting approximation
2026-04-22 18:34:37,566 [INFO] [asca.asca] Starting approximation: vertices=12100, min degree=2, max degree=4
2026-04-22 18:34:37,566 [INFO] [asca.asca] Selecting coarse vertices
2026-04-22 18:34:37,566 [INFO] [asca.select_coarse] Using MIS coarse selection
2026-04-22 18:34:37,603 [INFO] [asca.select_coarse] Number of coarse vertices: 3025
2026-04-22 18:34:37,604 [INFO] [asca.asca] Coarse selection took 0.04s (3025 coarse vertices)
2026-04-22 18:34:37,604 [INFO] [asca.asca] Creating subgraphs
2026-04-22 18:34:37,604 [INFO] [root] Using moore around coarse method
2026-04-22 18:34:45,479 [INFO] [root] Number of subgraphs created: 3025
2026-04-22 18:34:45,479 [INFO] [asca.asca] Subgraph creation took 7.88s (3025 subgraphs)
2026-04-22 18:34:45,479 [INFO] [asca.asca] Updating edge multiplicities
2026-04-22 18:34:45,894 [INFO] [asca.asca] Edge multiplicity calculation took 0.41s
2026-04-22 18:34:45,894 [INFO] [asca.asca] Computing approximation matrix
2026-04-22 18:35:34,341 [INFO] [asca.asca] Approximation matrix took 48.45s
2026-04-22 18:35:34,342 [INFO] [asca.asca] Iteration 0: mean subgraph size is 400
2026-04-22 18:35:34,342 [INFO] [asca.asca] Iteration 0: writing output
2026-04-22 18:35:34,397 [INFO] [asca.asca] Iteration 0: output written in 0.05s
2026-04-22 18:35:34,397 [INFO] [asca.asca] Iteration 0: preparing next graph
2026-04-22 18:35:36,223 [INFO] [asca.asca] Iteration 0: next graph prepared in 1.83s
2026-04-22 18:35:36,223 [INFO] [asca.asca] Iteration 0: done in 58.66s
2026-04-22 18:35:36,223 [INFO] [asca.asca] Config finished in 58.71s
2026-04-22 18:35:36,223 [INFO] [asca.asca] ASCA finished
2026-04-22 18:35:36,224 [INFO] [asca.asca] Starting ASCA for 3 config(s), 1 iteration(s) each
2026-04-22 18:35:36,224 [INFO] [asca.asca] ASCA input: matrices\skirt.mtx
2026-04-22 18:35:36,224 [INFO] [asca.asca] Starting config: coarse=mis {'size': 1}, subgraph=depth {'size': 4}
2026-04-22 18:35:36,224 [INFO] [asca.asca] ASCA output: data\skirt_mis_size1_depth_size4.hdf5
2026-04-22 18:35:36,224 [INFO] [asca.asca] Reading input graph
2026-04-22 18:35:36,838 [INFO] [asca.asca] Input graph read in 0.61s (12598 vertices)
2026-04-22 18:35:36,839 [INFO] [asca.asca] Iteration 0: starting approximation
2026-04-22 18:35:36,842 [INFO] [asca.asca] Starting approximation: vertices=12598, min degree=0, max degree=32
2026-04-22 18:35:36,842 [INFO] [asca.asca] Selecting coarse vertices
2026-04-22 18:35:36,842 [INFO] [asca.select_coarse] Using MIS coarse selection
2026-04-22 18:35:36,856 [INFO] [asca.select_coarse] Number of coarse vertices: 2278
2026-04-22 18:35:36,856 [INFO] [asca.asca] Coarse selection took 0.01s (2278 coarse vertices)
2026-04-22 18:35:36,856 [INFO] [asca.asca] Creating subgraphs
2026-04-22 18:35:36,856 [INFO] [root] Using depth subgraphs method
2026-04-22 18:35:37,872 [WARNING] [root] 0.13169446883230904% subgraphs were skipped.
2026-04-22 18:35:37,872 [INFO] [root] Number of subgraphs created: 2278
2026-04-22 18:35:37,872 [INFO] [asca.asca] Subgraph creation took 1.02s (2275 subgraphs)
2026-04-22 18:35:37,872 [INFO] [asca.asca] Updating edge multiplicities
2026-04-22 18:35:38,058 [INFO] [asca.asca] Edge multiplicity calculation took 0.19s
2026-04-22 18:35:38,058 [INFO] [asca.asca] Computing approximation matrix
2026-04-22 18:35:51,464 [INFO] [asca.asca] Approximation matrix took 13.41s
2026-04-22 18:35:51,464 [INFO] [asca.asca] Iteration 0: mean subgraph size is 152
2026-04-22 18:35:51,464 [INFO] [asca.asca] Iteration 0: writing output
2026-04-22 18:35:51,578 [INFO] [asca.asca] Iteration 0: output written in 0.11s
2026-04-22 18:35:51,578 [INFO] [asca.asca] Iteration 0: preparing next graph
2026-04-22 18:35:51,919 [INFO] [asca.asca] Iteration 0: next graph prepared in 0.34s
2026-04-22 18:35:51,919 [INFO] [asca.asca] Iteration 0: done in 15.08s
2026-04-22 18:35:51,919 [INFO] [asca.asca] Config finished in 15.69s
2026-04-22 18:35:51,919 [INFO] [asca.asca] Starting config: coarse=mis {'size': 1}, subgraph=depth {'size': 6}
2026-04-22 18:35:51,919 [INFO] [asca.asca] ASCA output: data\skirt_mis_size1_depth_size6.hdf5
2026-04-22 18:35:51,919 [INFO] [asca.asca] Reading input graph
2026-04-22 18:35:52,306 [INFO] [asca.asca] Input graph read in 0.39s (12598 vertices)
2026-04-22 18:35:52,306 [INFO] [asca.asca] Iteration 0: starting approximation
2026-04-22 18:35:52,310 [INFO] [asca.asca] Starting approximation: vertices=12598, min degree=0, max degree=32
2026-04-22 18:35:52,310 [INFO] [asca.asca] Selecting coarse vertices
2026-04-22 18:35:52,310 [INFO] [asca.select_coarse] Using MIS coarse selection
2026-04-22 18:35:52,324 [INFO] [asca.select_coarse] Number of coarse vertices: 2278
2026-04-22 18:35:52,324 [INFO] [asca.asca] Coarse selection took 0.01s (2278 coarse vertices)
2026-04-22 18:35:52,324 [INFO] [asca.asca] Creating subgraphs
2026-04-22 18:35:52,324 [INFO] [root] Using depth subgraphs method
2026-04-22 18:35:55,394 [WARNING] [root] 0.13169446883230904% subgraphs were skipped.
2026-04-22 18:35:55,395 [INFO] [root] Number of subgraphs created: 2278
2026-04-22 18:35:55,395 [INFO] [asca.asca] Subgraph creation took 3.07s (2275 subgraphs)
2026-04-22 18:35:55,395 [INFO] [asca.asca] Updating edge multiplicities
2026-04-22 18:35:55,723 [INFO] [asca.asca] Edge multiplicity calculation took 0.33s
2026-04-22 18:35:55,723 [INFO] [asca.asca] Computing approximation matrix
2026-04-22 18:36:20,260 [INFO] [asca.asca] Approximation matrix took 24.54s
2026-04-22 18:36:20,260 [INFO] [asca.asca] Iteration 0: mean subgraph size is 301
2026-04-22 18:36:20,261 [INFO] [asca.asca] Iteration 0: writing output
2026-04-22 18:36:20,373 [INFO] [asca.asca] Iteration 0: output written in 0.11s
2026-04-22 18:36:20,373 [INFO] [asca.asca] Iteration 0: preparing next graph
2026-04-22 18:36:21,115 [INFO] [asca.asca] Iteration 0: next graph prepared in 0.74s
2026-04-22 18:36:21,115 [INFO] [asca.asca] Iteration 0: done in 28.81s
2026-04-22 18:36:21,115 [INFO] [asca.asca] Config finished in 29.20s
2026-04-22 18:36:21,115 [INFO] [asca.asca] Starting config: coarse=mis {'size': 1}, subgraph=depth {'size': 10}
2026-04-22 18:36:21,115 [INFO] [asca.asca] ASCA output: data\skirt_mis_size1_depth_size10.hdf5
2026-04-22 18:36:21,115 [INFO] [asca.asca] Reading input graph
2026-04-22 18:36:21,687 [INFO] [asca.asca] Input graph read in 0.57s (12598 vertices)
2026-04-22 18:36:21,687 [INFO] [asca.asca] Iteration 0: starting approximation
2026-04-22 18:36:21,690 [INFO] [asca.asca] Starting approximation: vertices=12598, min degree=0, max degree=32
2026-04-22 18:36:21,690 [INFO] [asca.asca] Selecting coarse vertices
2026-04-22 18:36:21,690 [INFO] [asca.select_coarse] Using MIS coarse selection
2026-04-22 18:36:21,703 [INFO] [asca.select_coarse] Number of coarse vertices: 2278
2026-04-22 18:36:21,703 [INFO] [asca.asca] Coarse selection took 0.01s (2278 coarse vertices)
2026-04-22 18:36:21,703 [INFO] [asca.asca] Creating subgraphs
2026-04-22 18:36:21,703 [INFO] [root] Using depth subgraphs method
2026-04-22 18:36:34,046 [WARNING] [root] 0.13169446883230904% subgraphs were skipped.
2026-04-22 18:36:34,046 [INFO] [root] Number of subgraphs created: 2278
2026-04-22 18:36:34,046 [INFO] [asca.asca] Subgraph creation took 12.34s (2275 subgraphs)
2026-04-22 18:36:34,046 [INFO] [asca.asca] Updating edge multiplicities
2026-04-22 18:36:34,727 [INFO] [asca.asca] Edge multiplicity calculation took 0.68s
2026-04-22 18:36:34,727 [INFO] [asca.asca] Computing approximation matrix
2026-04-22 18:37:34,522 [INFO] [asca.asca] Approximation matrix took 59.79s
2026-04-22 18:37:34,522 [INFO] [asca.asca] Iteration 0: mean subgraph size is 680
2026-04-22 18:37:34,522 [INFO] [asca.asca] Iteration 0: writing output
2026-04-22 18:37:34,609 [INFO] [asca.asca] Iteration 0: output written in 0.09s
2026-04-22 18:37:34,609 [INFO] [asca.asca] Iteration 0: preparing next graph
2026-04-22 18:37:36,095 [INFO] [asca.asca] Iteration 0: next graph prepared in 1.49s
2026-04-22 18:37:36,095 [INFO] [asca.asca] Iteration 0: done in 74.41s
2026-04-22 18:37:36,095 [INFO] [asca.asca] Config finished in 74.98s
2026-04-22 18:37:36,095 [INFO] [asca.asca] ASCA finished
2026-04-22 18:37:36,096 [INFO] [asca.asca] Starting ASCA for 3 config(s), 1 iteration(s) each
2026-04-22 18:37:36,096 [INFO] [asca.asca] ASCA input: matrices\skirt.mtx
2026-04-22 18:37:36,096 [INFO] [asca.asca] Starting config: coarse=mis_strength_desc {'size': 1}, subgraph=depth {'size': 4}
2026-04-22 18:37:36,096 [INFO] [asca.asca] ASCA output: data\skirt_mis_strength_desc_size1_depth_size4.hdf5
2026-04-22 18:37:36,096 [INFO] [asca.asca] Reading input graph
2026-04-22 18:37:36,707 [INFO] [asca.asca] Input graph read in 0.61s (12598 vertices)
2026-04-22 18:37:36,707 [INFO] [asca.asca] Iteration 0: starting approximation
2026-04-22 18:37:36,709 [INFO] [asca.asca] Starting approximation: vertices=12598, min degree=0, max degree=32
2026-04-22 18:37:36,709 [INFO] [asca.asca] Selecting coarse vertices
2026-04-22 18:37:36,726 [INFO] [asca.select_coarse] Using MIS min coarse selection
2026-04-22 18:37:37,830 [INFO] [asca.select_coarse] Number of coarse vertices: 2314
2026-04-22 18:37:37,835 [INFO] [asca.asca] Coarse selection took 1.13s (2314 coarse vertices)
2026-04-22 18:37:37,835 [INFO] [asca.asca] Creating subgraphs
2026-04-22 18:37:37,835 [INFO] [root] Using depth subgraphs method
2026-04-22 18:37:38,775 [WARNING] [root] 0.12964563526361278% subgraphs were skipped.
2026-04-22 18:37:38,775 [INFO] [root] Number of subgraphs created: 2314
2026-04-22 18:37:38,775 [INFO] [asca.asca] Subgraph creation took 0.94s (2311 subgraphs)
2026-04-22 18:37:38,775 [INFO] [asca.asca] Updating edge multiplicities
2026-04-22 18:37:38,967 [INFO] [asca.asca] Edge multiplicity calculation took 0.19s
2026-04-22 18:37:38,967 [INFO] [asca.asca] Computing approximation matrix
2026-04-22 18:37:51,881 [INFO] [asca.asca] Approximation matrix took 12.91s
2026-04-22 18:37:51,882 [INFO] [asca.asca] Iteration 0: mean subgraph size is 146
2026-04-22 18:37:51,882 [INFO] [asca.asca] Iteration 0: writing output
2026-04-22 18:37:51,974 [INFO] [asca.asca] Iteration 0: output written in 0.09s
2026-04-22 18:37:51,974 [INFO] [asca.asca] Iteration 0: preparing next graph
2026-04-22 18:37:52,239 [INFO] [asca.asca] Iteration 0: next graph prepared in 0.26s
2026-04-22 18:37:52,239 [INFO] [asca.asca] Iteration 0: done in 15.53s
2026-04-22 18:37:52,239 [INFO] [asca.asca] Config finished in 16.14s
2026-04-22 18:37:52,239 [INFO] [asca.asca] Starting config: coarse=mis_strength_desc {'size': 1}, subgraph=depth {'size': 6}
2026-04-22 18:37:52,239 [INFO] [asca.asca] ASCA output: data\skirt_mis_strength_desc_size1_depth_size6.hdf5
2026-04-22 18:37:52,239 [INFO] [asca.asca] Reading input graph
2026-04-22 18:37:52,709 [INFO] [asca.asca] Input graph read in 0.47s (12598 vertices)
2026-04-22 18:37:52,710 [INFO] [asca.asca] Iteration 0: starting approximation
2026-04-22 18:37:52,713 [INFO] [asca.asca] Starting approximation: vertices=12598, min degree=0, max degree=32
2026-04-22 18:37:52,713 [INFO] [asca.asca] Selecting coarse vertices
2026-04-22 18:37:52,733 [INFO] [asca.select_coarse] Using MIS min coarse selection
2026-04-22 18:37:53,843 [INFO] [asca.select_coarse] Number of coarse vertices: 2314
2026-04-22 18:37:53,848 [INFO] [asca.asca] Coarse selection took 1.13s (2314 coarse vertices)
2026-04-22 18:37:53,848 [INFO] [asca.asca] Creating subgraphs
2026-04-22 18:37:53,848 [INFO] [root] Using depth subgraphs method
2026-04-22 18:37:56,828 [WARNING] [root] 0.12964563526361278% subgraphs were skipped.
2026-04-22 18:37:56,831 [INFO] [root] Number of subgraphs created: 2314
2026-04-22 18:37:56,831 [INFO] [asca.asca] Subgraph creation took 2.98s (2311 subgraphs)
2026-04-22 18:37:56,831 [INFO] [asca.asca] Updating edge multiplicities
2026-04-22 18:37:57,150 [INFO] [asca.asca] Edge multiplicity calculation took 0.32s
2026-04-22 18:37:57,150 [INFO] [asca.asca] Computing approximation matrix
2026-04-22 18:38:21,292 [INFO] [asca.asca] Approximation matrix took 24.14s
2026-04-22 18:38:21,292 [INFO] [asca.asca] Iteration 0: mean subgraph size is 292
2026-04-22 18:38:21,293 [INFO] [asca.asca] Iteration 0: writing output
2026-04-22 18:38:21,391 [INFO] [asca.asca] Iteration 0: output written in 0.10s
2026-04-22 18:38:21,391 [INFO] [asca.asca] Iteration 0: preparing next graph
2026-04-22 18:38:22,147 [INFO] [asca.asca] Iteration 0: next graph prepared in 0.76s
2026-04-22 18:38:22,147 [INFO] [asca.asca] Iteration 0: done in 29.44s
2026-04-22 18:38:22,147 [INFO] [asca.asca] Config finished in 29.91s
2026-04-22 18:38:22,147 [INFO] [asca.asca] Starting config: coarse=mis_strength_desc {'size': 1}, subgraph=depth {'size': 10}
2026-04-22 18:38:22,147 [INFO] [asca.asca] ASCA output: data\skirt_mis_strength_desc_size1_depth_size10.hdf5
2026-04-22 18:38:22,147 [INFO] [asca.asca] Reading input graph
2026-04-22 18:38:22,599 [INFO] [asca.asca] Input graph read in 0.45s (12598 vertices)
2026-04-22 18:38:22,599 [INFO] [asca.asca] Iteration 0: starting approximation
2026-04-22 18:38:22,601 [INFO] [asca.asca] Starting approximation: vertices=12598, min degree=0, max degree=32
2026-04-22 18:38:22,601 [INFO] [asca.asca] Selecting coarse vertices
2026-04-22 18:38:22,618 [INFO] [asca.select_coarse] Using MIS min coarse selection
2026-04-22 18:38:23,752 [INFO] [asca.select_coarse] Number of coarse vertices: 2314
2026-04-22 18:38:23,758 [INFO] [asca.asca] Coarse selection took 1.16s (2314 coarse vertices)
2026-04-22 18:38:23,758 [INFO] [asca.asca] Creating subgraphs
2026-04-22 18:38:23,758 [INFO] [root] Using depth subgraphs method
2026-04-22 18:38:36,396 [WARNING] [root] 0.12964563526361278% subgraphs were skipped.
2026-04-22 18:38:36,396 [INFO] [root] Number of subgraphs created: 2314
2026-04-22 18:38:36,396 [INFO] [asca.asca] Subgraph creation took 12.64s (2311 subgraphs)
2026-04-22 18:38:36,396 [INFO] [asca.asca] Updating edge multiplicities
2026-04-22 18:38:37,073 [INFO] [asca.asca] Edge multiplicity calculation took 0.68s
2026-04-22 18:38:37,073 [INFO] [asca.asca] Computing approximation matrix
2026-04-22 18:39:43,099 [INFO] [asca.asca] Approximation matrix took 66.03s
2026-04-22 18:39:43,100 [INFO] [asca.asca] Iteration 0: mean subgraph size is 669
2026-04-22 18:39:43,100 [INFO] [asca.asca] Iteration 0: writing output
2026-04-22 18:39:43,192 [INFO] [asca.asca] Iteration 0: output written in 0.09s
2026-04-22 18:39:43,192 [INFO] [asca.asca] Iteration 0: preparing next graph
2026-04-22 18:39:44,868 [INFO] [asca.asca] Iteration 0: next graph prepared in 1.68s
2026-04-22 18:39:44,868 [INFO] [asca.asca] Iteration 0: done in 82.27s
2026-04-22 18:39:44,868 [INFO] [asca.asca] Config finished in 82.72s
2026-04-22 18:39:44,868 [INFO] [asca.asca] ASCA finished
2026-04-22 18:39:44,870 [INFO] [asca.evaluation] Evaluation input: data\110x110_moore_size1_moore_coarse_size10.hdf5
2026-04-22 18:39:44,870 [INFO] [asca.evaluation] Evaluation output: evaluation\110x110_moore_size1_moore_coarse_size10_evaluation.hdf5
2026-04-22 18:39:44,870 [INFO] [asca.evaluation] Found 1 iteration(s) to evaluate
2026-04-22 18:39:44,870 [INFO] [asca.evaluation] Iteration 0: starting evaluation
2026-04-22 18:39:44,870 [INFO] [asca.evaluation] Iteration 0: reading matrices
2026-04-22 18:39:44,882 [INFO] [asca.evaluation] Iteration 0: computing exact Schur complement
2026-04-22 18:39:48,482 [INFO] [asca.evaluation] Iteration 0: exact Schur complement computed in 3.600s
2026-04-22 18:39:48,670 [INFO] [asca.evaluation] Iteration 0: starting CG evaluation
2026-04-22 18:39:48,679 [INFO] [asca.evaluation] Iteration 0: factorizing approximation matrix
2026-04-22 18:39:49,474 [INFO] [asca.evaluation] Iteration 0: starting eigen evaluation
2026-04-22 18:39:54,717 [INFO] [asca.evaluation] Iteration 0: eigen solve took 5.243062s
2026-04-22 18:39:54,717 [INFO] [asca.evaluation] Iteration 0: writing evaluation output
2026-04-22 18:39:54,720 [INFO] [asca.evaluation] Evaluation input: data\110x110_moore_size1_moore_coarse_size2.hdf5
2026-04-22 18:39:54,720 [INFO] [asca.evaluation] Evaluation output: evaluation\110x110_moore_size1_moore_coarse_size2_evaluation.hdf5
2026-04-22 18:39:54,720 [INFO] [asca.evaluation] Found 1 iteration(s) to evaluate
2026-04-22 18:39:54,720 [INFO] [asca.evaluation] Iteration 0: starting evaluation
2026-04-22 18:39:54,720 [INFO] [asca.evaluation] Iteration 0: reading matrices
2026-04-22 18:39:54,816 [INFO] [asca.evaluation] Iteration 0: starting CG evaluation
2026-04-22 18:39:54,824 [INFO] [asca.evaluation] Iteration 0: factorizing approximation matrix
2026-04-22 18:39:54,887 [INFO] [asca.evaluation] Iteration 0: starting eigen evaluation
2026-04-22 18:39:57,583 [INFO] [asca.evaluation] Iteration 0: eigen solve took 2.695969s
2026-04-22 18:39:57,583 [INFO] [asca.evaluation] Iteration 0: writing evaluation output
2026-04-22 18:39:57,587 [INFO] [asca.evaluation] Evaluation input: data\110x110_moore_size1_moore_coarse_size4.hdf5
2026-04-22 18:39:57,587 [INFO] [asca.evaluation] Evaluation output: evaluation\110x110_moore_size1_moore_coarse_size4_evaluation.hdf5
2026-04-22 18:39:57,587 [INFO] [asca.evaluation] Found 1 iteration(s) to evaluate
2026-04-22 18:39:57,587 [INFO] [asca.evaluation] Iteration 0: starting evaluation
2026-04-22 18:39:57,587 [INFO] [asca.evaluation] Iteration 0: reading matrices
2026-04-22 18:39:57,682 [INFO] [asca.evaluation] Iteration 0: starting CG evaluation
2026-04-22 18:39:57,691 [INFO] [asca.evaluation] Iteration 0: factorizing approximation matrix
2026-04-22 18:39:57,928 [INFO] [asca.evaluation] Iteration 0: starting eigen evaluation
2026-04-22 18:40:00,756 [INFO] [asca.evaluation] Iteration 0: eigen solve took 2.828358s
2026-04-22 18:40:00,756 [INFO] [asca.evaluation] Iteration 0: writing evaluation output
2026-04-22 18:40:00,762 [INFO] [asca.evaluation] Evaluation input: data\skirt_mis_size1_depth_size10.hdf5
2026-04-22 18:40:00,763 [INFO] [asca.evaluation] Evaluation output: evaluation\skirt_mis_size1_depth_size10_evaluation.hdf5
2026-04-22 18:40:00,763 [INFO] [asca.evaluation] Found 1 iteration(s) to evaluate
2026-04-22 18:40:00,763 [INFO] [asca.evaluation] Iteration 0: starting evaluation
2026-04-22 18:40:00,763 [INFO] [asca.evaluation] Iteration 0: reading matrices
2026-04-22 18:40:00,771 [INFO] [asca.evaluation] Iteration 0: computing exact Schur complement
2026-04-22 18:40:05,506 [INFO] [asca.evaluation] Iteration 0: exact Schur complement computed in 4.735s
2026-04-22 18:40:05,538 [INFO] [asca.evaluation] Iteration 0: starting CG evaluation
2026-04-22 18:40:05,540 [INFO] [asca.evaluation] Iteration 0: factorizing approximation matrix
2026-04-22 18:40:05,636 [INFO] [asca.evaluation] Iteration 0: starting eigen evaluation
2026-04-22 18:40:06,051 [INFO] [asca.evaluation] Iteration 0: eigen solve took 0.415261s
2026-04-22 18:40:06,051 [INFO] [asca.evaluation] Iteration 0: writing evaluation output
2026-04-22 18:40:06,054 [INFO] [asca.evaluation] Evaluation input: data\skirt_mis_size1_depth_size4.hdf5
2026-04-22 18:40:06,054 [INFO] [asca.evaluation] Evaluation output: evaluation\skirt_mis_size1_depth_size4_evaluation.hdf5
2026-04-22 18:40:06,054 [INFO] [asca.evaluation] Found 1 iteration(s) to evaluate
2026-04-22 18:40:06,054 [INFO] [asca.evaluation] Iteration 0: starting evaluation
2026-04-22 18:40:06,054 [INFO] [asca.evaluation] Iteration 0: reading matrices
2026-04-22 18:40:06,080 [INFO] [asca.evaluation] Iteration 0: starting CG evaluation
2026-04-22 18:40:06,082 [INFO] [asca.evaluation] Iteration 0: factorizing approximation matrix
2026-04-22 18:40:06,116 [INFO] [asca.evaluation] Iteration 0: starting eigen evaluation
2026-04-22 18:40:06,357 [INFO] [asca.evaluation] Iteration 0: eigen solve took 0.241135s
2026-04-22 18:40:06,358 [INFO] [asca.evaluation] Iteration 0: writing evaluation output
2026-04-22 18:40:06,364 [INFO] [asca.evaluation] Evaluation input: data\skirt_mis_size1_depth_size6.hdf5
2026-04-22 18:40:06,364 [INFO] [asca.evaluation] Evaluation output: evaluation\skirt_mis_size1_depth_size6_evaluation.hdf5
2026-04-22 18:40:06,364 [INFO] [asca.evaluation] Found 1 iteration(s) to evaluate
2026-04-22 18:40:06,364 [INFO] [asca.evaluation] Iteration 0: starting evaluation
2026-04-22 18:40:06,364 [INFO] [asca.evaluation] Iteration 0: reading matrices
2026-04-22 18:40:06,395 [INFO] [asca.evaluation] Iteration 0: starting CG evaluation
2026-04-22 18:40:06,397 [INFO] [asca.evaluation] Iteration 0: factorizing approximation matrix
2026-04-22 18:40:06,446 [INFO] [asca.evaluation] Iteration 0: starting eigen evaluation
2026-04-22 18:40:06,687 [INFO] [asca.evaluation] Iteration 0: eigen solve took 0.240930s
2026-04-22 18:40:06,687 [INFO] [asca.evaluation] Iteration 0: writing evaluation output
2026-04-22 18:40:06,696 [INFO] [asca.evaluation] Evaluation input: data\skirt_mis_strength_desc_size1_depth_size10.hdf5
2026-04-22 18:40:06,696 [INFO] [asca.evaluation] Evaluation output: evaluation\skirt_mis_strength_desc_size1_depth_size10_evaluation.hdf5
2026-04-22 18:40:06,696 [INFO] [asca.evaluation] Found 1 iteration(s) to evaluate
2026-04-22 18:40:06,696 [INFO] [asca.evaluation] Iteration 0: starting evaluation
2026-04-22 18:40:06,696 [INFO] [asca.evaluation] Iteration 0: reading matrices
2026-04-22 18:40:06,706 [INFO] [asca.evaluation] Iteration 0: computing exact Schur complement
2026-04-22 18:40:11,621 [INFO] [asca.evaluation] Iteration 0: exact Schur complement computed in 4.915s
2026-04-22 18:40:11,644 [INFO] [asca.evaluation] Iteration 0: starting CG evaluation
2026-04-22 18:40:11,646 [INFO] [asca.evaluation] Iteration 0: factorizing approximation matrix
2026-04-22 18:40:11,749 [INFO] [asca.evaluation] Iteration 0: starting eigen evaluation
2026-04-22 18:40:12,449 [INFO] [asca.evaluation] Iteration 0: eigen solve took 0.699730s
2026-04-22 18:40:12,449 [INFO] [asca.evaluation] Iteration 0: writing evaluation output
2026-04-22 18:40:12,452 [INFO] [asca.evaluation] Evaluation input: data\skirt_mis_strength_desc_size1_depth_size4.hdf5
2026-04-22 18:40:12,452 [INFO] [asca.evaluation] Evaluation output: evaluation\skirt_mis_strength_desc_size1_depth_size4_evaluation.hdf5
2026-04-22 18:40:12,452 [INFO] [asca.evaluation] Found 1 iteration(s) to evaluate
2026-04-22 18:40:12,452 [INFO] [asca.evaluation] Iteration 0: starting evaluation
2026-04-22 18:40:12,452 [INFO] [asca.evaluation] Iteration 0: reading matrices
2026-04-22 18:40:12,481 [INFO] [asca.evaluation] Iteration 0: starting CG evaluation
2026-04-22 18:40:12,483 [INFO] [asca.evaluation] Iteration 0: factorizing approximation matrix
2026-04-22 18:40:12,518 [INFO] [asca.evaluation] Iteration 0: starting eigen evaluation
2026-04-22 18:40:12,785 [INFO] [asca.evaluation] Iteration 0: eigen solve took 0.266757s
2026-04-22 18:40:12,785 [INFO] [asca.evaluation] Iteration 0: writing evaluation output
2026-04-22 18:40:12,788 [INFO] [asca.evaluation] Evaluation input: data\skirt_mis_strength_desc_size1_depth_size6.hdf5
2026-04-22 18:40:12,788 [INFO] [asca.evaluation] Evaluation output: evaluation\skirt_mis_strength_desc_size1_depth_size6_evaluation.hdf5
2026-04-22 18:40:12,788 [INFO] [asca.evaluation] Found 1 iteration(s) to evaluate
2026-04-22 18:40:12,789 [INFO] [asca.evaluation] Iteration 0: starting evaluation
2026-04-22 18:40:12,789 [INFO] [asca.evaluation] Iteration 0: reading matrices
2026-04-22 18:40:12,818 [INFO] [asca.evaluation] Iteration 0: starting CG evaluation
2026-04-22 18:40:12,820 [INFO] [asca.evaluation] Iteration 0: factorizing approximation matrix
2026-04-22 18:40:12,881 [INFO] [asca.evaluation] Iteration 0: starting eigen evaluation
2026-04-22 18:40:13,187 [INFO] [asca.evaluation] Iteration 0: eigen solve took 0.305536s
2026-04-22 18:40:13,187 [INFO] [asca.evaluation] Iteration 0: writing evaluation output
2026-04-22 18:40:13,190 [INFO] [asca.evaluation] Evaluation finished
